// Jest Snapshot v1, https://goo.gl/fbAQLP

exports[`returns RegExp for Dates 1`] = `"RegExp"`;
